// Jest Snapshot v1, https://goo.gl/fbAQLP

exports[`Game component renders Game component 1`] = `
Object {
  "asFragment": [Function],
  "baseElement": <body>
    <div>
      <div
        class="app-game"
        data-testid="game"
      >
        <div
          class="sector-wrapper"
        >
          <div
            class="sector top-left inline yellow
                        
                        disabled
                        "
            data-testid="yellow"
          />
          <div
            class="sector top-right inline red
                        
                        disabled
                        "
            data-testid="red"
          />
          <div
            class="sector bottom-left inline green
                        
                        disabled
                        "
            data-testid="green"
          />
          <div
            class="sector bottom-right inline blue
                        
                        disabled
                        "
            data-testid="blue"
          />
        </div>
      </div>
    </div>
  </body>,
  "container": <div>
    <div
      class="app-game"
      data-testid="game"
    >
      <div
        class="sector-wrapper"
      >
        <div
          class="sector top-left inline yellow
                        
                        disabled
                        "
          data-testid="yellow"
        />
        <div
          class="sector top-right inline red
                        
                        disabled
                        "
          data-testid="red"
        />
        <div
          class="sector bottom-left inline green
                        
                        disabled
                        "
          data-testid="green"
        />
        <div
          class="sector bottom-right inline blue
                        
                        disabled
                        "
          data-testid="blue"
        />
      </div>
    </div>
  </div>,
  "debug": [Function],
  "findAllByAltText": [Function],
  "findAllByDisplayValue": [Function],
  "findAllByLabelText": [Function],
  "findAllByPlaceholderText": [Function],
  "findAllByRole": [Function],
  "findAllByTestId": [Function],
  "findAllByText": [Function],
  "findAllByTitle": [Function],
  "findByAltText": [Function],
  "findByDisplayValue": [Function],
  "findByLabelText": [Function],
  "findByPlaceholderText": [Function],
  "findByRole": [Function],
  "findByTestId": [Function],
  "findByText": [Function],
  "findByTitle": [Function],
  "getAllByAltText": [Function],
  "getAllByDisplayValue": [Function],
  "getAllByLabelText": [Function],
  "getAllByPlaceholderText": [Function],
  "getAllByRole": [Function],
  "getAllByTestId": [Function],
  "getAllByText": [Function],
  "getAllByTitle": [Function],
  "getByAltText": [Function],
  "getByDisplayValue": [Function],
  "getByLabelText": [Function],
  "getByPlaceholderText": [Function],
  "getByRole": [Function],
  "getByTestId": [Function],
  "getByText": [Function],
  "getByTitle": [Function],
  "queryAllByAltText": [Function],
  "queryAllByDisplayValue": [Function],
  "queryAllByLabelText": [Function],
  "queryAllByPlaceholderText": [Function],
  "queryAllByRole": [Function],
  "queryAllByTestId": [Function],
  "queryAllByText": [Function],
  "queryAllByTitle": [Function],
  "queryByAltText": [Function],
  "queryByDisplayValue": [Function],
  "queryByLabelText": [Function],
  "queryByPlaceholderText": [Function],
  "queryByRole": [Function],
  "queryByTestId": [Function],
  "queryByText": [Function],
  "queryByTitle": [Function],
  "rerender": [Function],
  "unmount": [Function],
}
`;
